// Jest Snapshot v1, https://goo.gl/fbAQLP

exports[`Card Container should match the snapshot 1`] = `
ShallowWrapper {
  "length": 1,
  Symbol(enzyme.__root__): [Circular],
  Symbol(enzyme.__unrendered__): <CardContainer
    addFavorite={[Function]}
    category="vehicle"
    info={
        Array [
            Object {
              "favorite": false,
              "info": Object {
                "Class": "Wheeled",
                "Model": "Digger Crawler",
                "Passengers": "30",
              },
              "name": "Sand Crawler",
            },
            Object {
              "favorite": true,
              "info": Object {
                "Class": "repulsorcraft",
                "Model": "X-34 landspeeder",
                "Passengers": "1",
              },
              "name": "X-34 landspeeder",
            },
          ]
    }
/>,
  Symbol(enzyme.__renderer__): Object {
    "batchedUpdates": [Function],
    "getNode": [Function],
    "render": [Function],
    "simulateEvent": [Function],
    "unmount": [Function],
  },
  Symbol(enzyme.__node__): Object {
    "instance": null,
    "key": undefined,
    "nodeType": "host",
    "props": Object {
      "children": <div
        className="card-holder"
>
        <Card
                addFavorite={[Function]}
                category="vehicle"
                favorite={false}
                info={
                        Object {
                                "Class": "Wheeled",
                                "Model": "Digger Crawler",
                                "Passengers": "30",
                              }
                }
                name="Sand Crawler"
        />
        <Card
                addFavorite={[Function]}
                category="vehicle"
                favorite={true}
                info={
                        Object {
                                "Class": "repulsorcraft",
                                "Model": "X-34 landspeeder",
                                "Passengers": "1",
                              }
                }
                name="X-34 landspeeder"
        />
</div>,
      "className": "card-container",
    },
    "ref": null,
    "rendered": Object {
      "instance": null,
      "key": undefined,
      "nodeType": "host",
      "props": Object {
        "children": Array [
          <Card
            addFavorite={[Function]}
            category="vehicle"
            favorite={false}
            info={
                        Object {
                                    "Class": "Wheeled",
                                    "Model": "Digger Crawler",
                                    "Passengers": "30",
                                  }
            }
            name="Sand Crawler"
/>,
          <Card
            addFavorite={[Function]}
            category="vehicle"
            favorite={true}
            info={
                        Object {
                                    "Class": "repulsorcraft",
                                    "Model": "X-34 landspeeder",
                                    "Passengers": "1",
                                  }
            }
            name="X-34 landspeeder"
/>,
        ],
        "className": "card-holder",
      },
      "ref": null,
      "rendered": Array [
        Object {
          "instance": null,
          "key": "0",
          "nodeType": "function",
          "props": Object {
            "addFavorite": [Function],
            "category": "vehicle",
            "favorite": false,
            "info": Object {
              "Class": "Wheeled",
              "Model": "Digger Crawler",
              "Passengers": "30",
            },
            "name": "Sand Crawler",
          },
          "ref": null,
          "rendered": null,
          "type": [Function],
        },
        Object {
          "instance": null,
          "key": "1",
          "nodeType": "function",
          "props": Object {
            "addFavorite": [Function],
            "category": "vehicle",
            "favorite": true,
            "info": Object {
              "Class": "repulsorcraft",
              "Model": "X-34 landspeeder",
              "Passengers": "1",
            },
            "name": "X-34 landspeeder",
          },
          "ref": null,
          "rendered": null,
          "type": [Function],
        },
      ],
      "type": "div",
    },
    "type": "div",
  },
  Symbol(enzyme.__nodes__): Array [
    Object {
      "instance": null,
      "key": undefined,
      "nodeType": "host",
      "props": Object {
        "children": <div
          className="card-holder"
>
          <Card
                    addFavorite={[Function]}
                    category="vehicle"
                    favorite={false}
                    info={
                              Object {
                                        "Class": "Wheeled",
                                        "Model": "Digger Crawler",
                                        "Passengers": "30",
                                      }
                    }
                    name="Sand Crawler"
          />
          <Card
                    addFavorite={[Function]}
                    category="vehicle"
                    favorite={true}
                    info={
                              Object {
                                        "Class": "repulsorcraft",
                                        "Model": "X-34 landspeeder",
                                        "Passengers": "1",
                                      }
                    }
                    name="X-34 landspeeder"
          />
</div>,
        "className": "card-container",
      },
      "ref": null,
      "rendered": Object {
        "instance": null,
        "key": undefined,
        "nodeType": "host",
        "props": Object {
          "children": Array [
            <Card
              addFavorite={[Function]}
              category="vehicle"
              favorite={false}
              info={
                            Object {
                                          "Class": "Wheeled",
                                          "Model": "Digger Crawler",
                                          "Passengers": "30",
                                        }
              }
              name="Sand Crawler"
/>,
            <Card
              addFavorite={[Function]}
              category="vehicle"
              favorite={true}
              info={
                            Object {
                                          "Class": "repulsorcraft",
                                          "Model": "X-34 landspeeder",
                                          "Passengers": "1",
                                        }
              }
              name="X-34 landspeeder"
/>,
          ],
          "className": "card-holder",
        },
        "ref": null,
        "rendered": Array [
          Object {
            "instance": null,
            "key": "0",
            "nodeType": "function",
            "props": Object {
              "addFavorite": [Function],
              "category": "vehicle",
              "favorite": false,
              "info": Object {
                "Class": "Wheeled",
                "Model": "Digger Crawler",
                "Passengers": "30",
              },
              "name": "Sand Crawler",
            },
            "ref": null,
            "rendered": null,
            "type": [Function],
          },
          Object {
            "instance": null,
            "key": "1",
            "nodeType": "function",
            "props": Object {
              "addFavorite": [Function],
              "category": "vehicle",
              "favorite": true,
              "info": Object {
                "Class": "repulsorcraft",
                "Model": "X-34 landspeeder",
                "Passengers": "1",
              },
              "name": "X-34 landspeeder",
            },
            "ref": null,
            "rendered": null,
            "type": [Function],
          },
        ],
        "type": "div",
      },
      "type": "div",
    },
  ],
  Symbol(enzyme.__options__): Object {
    "adapter": ReactSixteenAdapter {
      "options": Object {
        "enableComponentDidUpdateOnSetState": true,
      },
    },
  },
}
`;
