// Jest Snapshot v1, https://goo.gl/fbAQLP

exports[`QuoteScroll should match the snapshot 1`] = `
ShallowWrapper {
  "length": 1,
  Symbol(enzyme.__root__): [Circular],
  Symbol(enzyme.__unrendered__): <QuoteScroll
    movie={
        Object {
            "openingCrawl": "It is a period of civil war.",
            "releaseDate": "1977-05-25",
            "title": "A New Hope",
          }
    }
/>,
  Symbol(enzyme.__renderer__): Object {
    "batchedUpdates": [Function],
    "getNode": [Function],
    "render": [Function],
    "simulateEvent": [Function],
    "unmount": [Function],
  },
  Symbol(enzyme.__node__): Object {
    "instance": null,
    "key": undefined,
    "nodeType": "host",
    "props": Object {
      "children": Array [
        <div
          className="fade"
/>,
        <div
          className="star-wars-quote"
>
          <div
                    className="crawl"
          >
                    <div
                              className="title"
                    >
                              <h1>
                                        A New Hope
                              </h1>
                    </div>
                    It is a period of civil war.
          </div>
</div>,
      ],
      "className": "quoteScroll",
    },
    "ref": null,
    "rendered": Array [
      Object {
        "instance": null,
        "key": undefined,
        "nodeType": "host",
        "props": Object {
          "className": "fade",
        },
        "ref": null,
        "rendered": null,
        "type": "div",
      },
      Object {
        "instance": null,
        "key": undefined,
        "nodeType": "host",
        "props": Object {
          "children": <div
            className="crawl"
>
            <div
                        className="title"
            >
                        <h1>
                                    A New Hope
                        </h1>
            </div>
            It is a period of civil war.
</div>,
          "className": "star-wars-quote",
        },
        "ref": null,
        "rendered": Object {
          "instance": null,
          "key": undefined,
          "nodeType": "host",
          "props": Object {
            "children": Array [
              <div
                className="title"
>
                <h1>
                                A New Hope
                </h1>
</div>,
              "It is a period of civil war.",
            ],
            "className": "crawl",
          },
          "ref": null,
          "rendered": Array [
            Object {
              "instance": null,
              "key": undefined,
              "nodeType": "host",
              "props": Object {
                "children": <h1>
                  A New Hope
</h1>,
                "className": "title",
              },
              "ref": null,
              "rendered": Object {
                "instance": null,
                "key": undefined,
                "nodeType": "host",
                "props": Object {
                  "children": "A New Hope",
                },
                "ref": null,
                "rendered": "A New Hope",
                "type": "h1",
              },
              "type": "div",
            },
            "It is a period of civil war.",
          ],
          "type": "div",
        },
        "type": "div",
      },
    ],
    "type": "div",
  },
  Symbol(enzyme.__nodes__): Array [
    Object {
      "instance": null,
      "key": undefined,
      "nodeType": "host",
      "props": Object {
        "children": Array [
          <div
            className="fade"
/>,
          <div
            className="star-wars-quote"
>
            <div
                        className="crawl"
            >
                        <div
                                    className="title"
                        >
                                    <h1>
                                                A New Hope
                                    </h1>
                        </div>
                        It is a period of civil war.
            </div>
</div>,
        ],
        "className": "quoteScroll",
      },
      "ref": null,
      "rendered": Array [
        Object {
          "instance": null,
          "key": undefined,
          "nodeType": "host",
          "props": Object {
            "className": "fade",
          },
          "ref": null,
          "rendered": null,
          "type": "div",
        },
        Object {
          "instance": null,
          "key": undefined,
          "nodeType": "host",
          "props": Object {
            "children": <div
              className="crawl"
>
              <div
                            className="title"
              >
                            <h1>
                                          A New Hope
                            </h1>
              </div>
              It is a period of civil war.
</div>,
            "className": "star-wars-quote",
          },
          "ref": null,
          "rendered": Object {
            "instance": null,
            "key": undefined,
            "nodeType": "host",
            "props": Object {
              "children": Array [
                <div
                  className="title"
>
                  <h1>
                                    A New Hope
                  </h1>
</div>,
                "It is a period of civil war.",
              ],
              "className": "crawl",
            },
            "ref": null,
            "rendered": Array [
              Object {
                "instance": null,
                "key": undefined,
                "nodeType": "host",
                "props": Object {
                  "children": <h1>
                    A New Hope
</h1>,
                  "className": "title",
                },
                "ref": null,
                "rendered": Object {
                  "instance": null,
                  "key": undefined,
                  "nodeType": "host",
                  "props": Object {
                    "children": "A New Hope",
                  },
                  "ref": null,
                  "rendered": "A New Hope",
                  "type": "h1",
                },
                "type": "div",
              },
              "It is a period of civil war.",
            ],
            "type": "div",
          },
          "type": "div",
        },
      ],
      "type": "div",
    },
  ],
  Symbol(enzyme.__options__): Object {
    "adapter": ReactSixteenAdapter {
      "options": Object {
        "enableComponentDidUpdateOnSetState": true,
      },
    },
  },
}
`;
