// Jest Snapshot v1, https://goo.gl/fbAQLP

exports[`Card should match the snapshot 1`] = `
ShallowWrapper {
  "length": 1,
  Symbol(enzyme.__root__): [Circular],
  Symbol(enzyme.__unrendered__): <Card
    addFavorite={[Function]}
    favorite={false}
    info={
        Object {
            "Homeworld": "Tatooine",
            "Language": "Galactic Basic",
            "Population": 200000,
            "Species": "Human",
          }
    }
    name="Luke Skywalker"
/>,
  Symbol(enzyme.__renderer__): Object {
    "batchedUpdates": [Function],
    "getNode": [Function],
    "render": [Function],
    "simulateEvent": [Function],
    "unmount": [Function],
  },
  Symbol(enzyme.__node__): Object {
    "instance": null,
    "key": undefined,
    "nodeType": "host",
    "props": Object {
      "children": Array [
        <div
          className="card-head"
>
          <div
                    className="item-name"
          >
                    <h2>
                               
                              Luke Skywalker
                               
                    </h2>
          </div>
          <div
                    className="fav"
                    onClick={[Function]}
          >
                    <img
                              alt="not favorite"
                              className="favorite-star"
                              src="fav-star-empty.png"
                    />
          </div>
</div>,
        <div
          className="card-body"
>
          <ul
                    className="card-data"
          >
                    <li>
                               
                              <span
                                        className="accent"
                              >
                                        Species:
                              </span>
                               Human
                               
                    </li>
                    <li>
                               
                              <span
                                        className="accent"
                              >
                                        Language:
                              </span>
                               Galactic Basic
                               
                    </li>
                    <li>
                               
                              <span
                                        className="accent"
                              >
                                        Homeworld:
                              </span>
                               Tatooine
                               
                    </li>
                    <li>
                               
                              <span
                                        className="accent"
                              >
                                        Population:
                              </span>
                               200000
                               
                    </li>
          </ul>
</div>,
        <div
          className="card-footer"
/>,
      ],
      "className": "card",
    },
    "ref": null,
    "rendered": Array [
      Object {
        "instance": null,
        "key": undefined,
        "nodeType": "host",
        "props": Object {
          "children": Array [
            <div
              className="item-name"
>
              <h2>
                             
                            Luke Skywalker
                             
              </h2>
</div>,
            <div
              className="fav"
              onClick={[Function]}
>
              <img
                            alt="not favorite"
                            className="favorite-star"
                            src="fav-star-empty.png"
              />
</div>,
          ],
          "className": "card-head",
        },
        "ref": null,
        "rendered": Array [
          Object {
            "instance": null,
            "key": undefined,
            "nodeType": "host",
            "props": Object {
              "children": <h2>
                 
                Luke Skywalker
                 
</h2>,
              "className": "item-name",
            },
            "ref": null,
            "rendered": Object {
              "instance": null,
              "key": undefined,
              "nodeType": "host",
              "props": Object {
                "children": Array [
                  " ",
                  "Luke Skywalker",
                  " ",
                ],
              },
              "ref": null,
              "rendered": Array [
                " ",
                "Luke Skywalker",
                " ",
              ],
              "type": "h2",
            },
            "type": "div",
          },
          Object {
            "instance": null,
            "key": undefined,
            "nodeType": "host",
            "props": Object {
              "children": <img
                alt="not favorite"
                className="favorite-star"
                src="fav-star-empty.png"
/>,
              "className": "fav",
              "onClick": [Function],
            },
            "ref": null,
            "rendered": Object {
              "instance": null,
              "key": undefined,
              "nodeType": "host",
              "props": Object {
                "alt": "not favorite",
                "className": "favorite-star",
                "src": "fav-star-empty.png",
              },
              "ref": null,
              "rendered": null,
              "type": "img",
            },
            "type": "div",
          },
        ],
        "type": "div",
      },
      Object {
        "instance": null,
        "key": undefined,
        "nodeType": "host",
        "props": Object {
          "children": <ul
            className="card-data"
>
            <li>
                         
                        <span
                                    className="accent"
                        >
                                    Species:
                        </span>
                         Human
                         
            </li>
            <li>
                         
                        <span
                                    className="accent"
                        >
                                    Language:
                        </span>
                         Galactic Basic
                         
            </li>
            <li>
                         
                        <span
                                    className="accent"
                        >
                                    Homeworld:
                        </span>
                         Tatooine
                         
            </li>
            <li>
                         
                        <span
                                    className="accent"
                        >
                                    Population:
                        </span>
                         200000
                         
            </li>
</ul>,
          "className": "card-body",
        },
        "ref": null,
        "rendered": Object {
          "instance": null,
          "key": undefined,
          "nodeType": "host",
          "props": Object {
            "children": Array [
              <li>
                 
                <span
                                className="accent"
                >
                                Species:
                </span>
                 Human
                 
</li>,
              <li>
                 
                <span
                                className="accent"
                >
                                Language:
                </span>
                 Galactic Basic
                 
</li>,
              <li>
                 
                <span
                                className="accent"
                >
                                Homeworld:
                </span>
                 Tatooine
                 
</li>,
              <li>
                 
                <span
                                className="accent"
                >
                                Population:
                </span>
                 200000
                 
</li>,
            ],
            "className": "card-data",
          },
          "ref": null,
          "rendered": Array [
            Object {
              "instance": null,
              "key": "0",
              "nodeType": "host",
              "props": Object {
                "children": Array [
                  " ",
                  <span
                    className="accent"
>
                    Species:
</span>,
                  " Human",
                  " ",
                ],
              },
              "ref": null,
              "rendered": Array [
                " ",
                Object {
                  "instance": null,
                  "key": undefined,
                  "nodeType": "host",
                  "props": Object {
                    "children": "Species:",
                    "className": "accent",
                  },
                  "ref": null,
                  "rendered": "Species:",
                  "type": "span",
                },
                " Human",
                " ",
              ],
              "type": "li",
            },
            Object {
              "instance": null,
              "key": "1",
              "nodeType": "host",
              "props": Object {
                "children": Array [
                  " ",
                  <span
                    className="accent"
>
                    Language:
</span>,
                  " Galactic Basic",
                  " ",
                ],
              },
              "ref": null,
              "rendered": Array [
                " ",
                Object {
                  "instance": null,
                  "key": undefined,
                  "nodeType": "host",
                  "props": Object {
                    "children": "Language:",
                    "className": "accent",
                  },
                  "ref": null,
                  "rendered": "Language:",
                  "type": "span",
                },
                " Galactic Basic",
                " ",
              ],
              "type": "li",
            },
            Object {
              "instance": null,
              "key": "2",
              "nodeType": "host",
              "props": Object {
                "children": Array [
                  " ",
                  <span
                    className="accent"
>
                    Homeworld:
</span>,
                  " Tatooine",
                  " ",
                ],
              },
              "ref": null,
              "rendered": Array [
                " ",
                Object {
                  "instance": null,
                  "key": undefined,
                  "nodeType": "host",
                  "props": Object {
                    "children": "Homeworld:",
                    "className": "accent",
                  },
                  "ref": null,
                  "rendered": "Homeworld:",
                  "type": "span",
                },
                " Tatooine",
                " ",
              ],
              "type": "li",
            },
            Object {
              "instance": null,
              "key": "3",
              "nodeType": "host",
              "props": Object {
                "children": Array [
                  " ",
                  <span
                    className="accent"
>
                    Population:
</span>,
                  " 200000",
                  " ",
                ],
              },
              "ref": null,
              "rendered": Array [
                " ",
                Object {
                  "instance": null,
                  "key": undefined,
                  "nodeType": "host",
                  "props": Object {
                    "children": "Population:",
                    "className": "accent",
                  },
                  "ref": null,
                  "rendered": "Population:",
                  "type": "span",
                },
                " 200000",
                " ",
              ],
              "type": "li",
            },
          ],
          "type": "ul",
        },
        "type": "div",
      },
      Object {
        "instance": null,
        "key": undefined,
        "nodeType": "host",
        "props": Object {
          "className": "card-footer",
        },
        "ref": null,
        "rendered": null,
        "type": "div",
      },
    ],
    "type": "div",
  },
  Symbol(enzyme.__nodes__): Array [
    Object {
      "instance": null,
      "key": undefined,
      "nodeType": "host",
      "props": Object {
        "children": Array [
          <div
            className="card-head"
>
            <div
                        className="item-name"
            >
                        <h2>
                                     
                                    Luke Skywalker
                                     
                        </h2>
            </div>
            <div
                        className="fav"
                        onClick={[Function]}
            >
                        <img
                                    alt="not favorite"
                                    className="favorite-star"
                                    src="fav-star-empty.png"
                        />
            </div>
</div>,
          <div
            className="card-body"
>
            <ul
                        className="card-data"
            >
                        <li>
                                     
                                    <span
                                                className="accent"
                                    >
                                                Species:
                                    </span>
                                     Human
                                     
                        </li>
                        <li>
                                     
                                    <span
                                                className="accent"
                                    >
                                                Language:
                                    </span>
                                     Galactic Basic
                                     
                        </li>
                        <li>
                                     
                                    <span
                                                className="accent"
                                    >
                                                Homeworld:
                                    </span>
                                     Tatooine
                                     
                        </li>
                        <li>
                                     
                                    <span
                                                className="accent"
                                    >
                                                Population:
                                    </span>
                                     200000
                                     
                        </li>
            </ul>
</div>,
          <div
            className="card-footer"
/>,
        ],
        "className": "card",
      },
      "ref": null,
      "rendered": Array [
        Object {
          "instance": null,
          "key": undefined,
          "nodeType": "host",
          "props": Object {
            "children": Array [
              <div
                className="item-name"
>
                <h2>
                                 
                                Luke Skywalker
                                 
                </h2>
</div>,
              <div
                className="fav"
                onClick={[Function]}
>
                <img
                                alt="not favorite"
                                className="favorite-star"
                                src="fav-star-empty.png"
                />
</div>,
            ],
            "className": "card-head",
          },
          "ref": null,
          "rendered": Array [
            Object {
              "instance": null,
              "key": undefined,
              "nodeType": "host",
              "props": Object {
                "children": <h2>
                   
                  Luke Skywalker
                   
</h2>,
                "className": "item-name",
              },
              "ref": null,
              "rendered": Object {
                "instance": null,
                "key": undefined,
                "nodeType": "host",
                "props": Object {
                  "children": Array [
                    " ",
                    "Luke Skywalker",
                    " ",
                  ],
                },
                "ref": null,
                "rendered": Array [
                  " ",
                  "Luke Skywalker",
                  " ",
                ],
                "type": "h2",
              },
              "type": "div",
            },
            Object {
              "instance": null,
              "key": undefined,
              "nodeType": "host",
              "props": Object {
                "children": <img
                  alt="not favorite"
                  className="favorite-star"
                  src="fav-star-empty.png"
/>,
                "className": "fav",
                "onClick": [Function],
              },
              "ref": null,
              "rendered": Object {
                "instance": null,
                "key": undefined,
                "nodeType": "host",
                "props": Object {
                  "alt": "not favorite",
                  "className": "favorite-star",
                  "src": "fav-star-empty.png",
                },
                "ref": null,
                "rendered": null,
                "type": "img",
              },
              "type": "div",
            },
          ],
          "type": "div",
        },
        Object {
          "instance": null,
          "key": undefined,
          "nodeType": "host",
          "props": Object {
            "children": <ul
              className="card-data"
>
              <li>
                             
                            <span
                                          className="accent"
                            >
                                          Species:
                            </span>
                             Human
                             
              </li>
              <li>
                             
                            <span
                                          className="accent"
                            >
                                          Language:
                            </span>
                             Galactic Basic
                             
              </li>
              <li>
                             
                            <span
                                          className="accent"
                            >
                                          Homeworld:
                            </span>
                             Tatooine
                             
              </li>
              <li>
                             
                            <span
                                          className="accent"
                            >
                                          Population:
                            </span>
                             200000
                             
              </li>
</ul>,
            "className": "card-body",
          },
          "ref": null,
          "rendered": Object {
            "instance": null,
            "key": undefined,
            "nodeType": "host",
            "props": Object {
              "children": Array [
                <li>
                   
                  <span
                                    className="accent"
                  >
                                    Species:
                  </span>
                   Human
                   
</li>,
                <li>
                   
                  <span
                                    className="accent"
                  >
                                    Language:
                  </span>
                   Galactic Basic
                   
</li>,
                <li>
                   
                  <span
                                    className="accent"
                  >
                                    Homeworld:
                  </span>
                   Tatooine
                   
</li>,
                <li>
                   
                  <span
                                    className="accent"
                  >
                                    Population:
                  </span>
                   200000
                   
</li>,
              ],
              "className": "card-data",
            },
            "ref": null,
            "rendered": Array [
              Object {
                "instance": null,
                "key": "0",
                "nodeType": "host",
                "props": Object {
                  "children": Array [
                    " ",
                    <span
                      className="accent"
>
                      Species:
</span>,
                    " Human",
                    " ",
                  ],
                },
                "ref": null,
                "rendered": Array [
                  " ",
                  Object {
                    "instance": null,
                    "key": undefined,
                    "nodeType": "host",
                    "props": Object {
                      "children": "Species:",
                      "className": "accent",
                    },
                    "ref": null,
                    "rendered": "Species:",
                    "type": "span",
                  },
                  " Human",
                  " ",
                ],
                "type": "li",
              },
              Object {
                "instance": null,
                "key": "1",
                "nodeType": "host",
                "props": Object {
                  "children": Array [
                    " ",
                    <span
                      className="accent"
>
                      Language:
</span>,
                    " Galactic Basic",
                    " ",
                  ],
                },
                "ref": null,
                "rendered": Array [
                  " ",
                  Object {
                    "instance": null,
                    "key": undefined,
                    "nodeType": "host",
                    "props": Object {
                      "children": "Language:",
                      "className": "accent",
                    },
                    "ref": null,
                    "rendered": "Language:",
                    "type": "span",
                  },
                  " Galactic Basic",
                  " ",
                ],
                "type": "li",
              },
              Object {
                "instance": null,
                "key": "2",
                "nodeType": "host",
                "props": Object {
                  "children": Array [
                    " ",
                    <span
                      className="accent"
>
                      Homeworld:
</span>,
                    " Tatooine",
                    " ",
                  ],
                },
                "ref": null,
                "rendered": Array [
                  " ",
                  Object {
                    "instance": null,
                    "key": undefined,
                    "nodeType": "host",
                    "props": Object {
                      "children": "Homeworld:",
                      "className": "accent",
                    },
                    "ref": null,
                    "rendered": "Homeworld:",
                    "type": "span",
                  },
                  " Tatooine",
                  " ",
                ],
                "type": "li",
              },
              Object {
                "instance": null,
                "key": "3",
                "nodeType": "host",
                "props": Object {
                  "children": Array [
                    " ",
                    <span
                      className="accent"
>
                      Population:
</span>,
                    " 200000",
                    " ",
                  ],
                },
                "ref": null,
                "rendered": Array [
                  " ",
                  Object {
                    "instance": null,
                    "key": undefined,
                    "nodeType": "host",
                    "props": Object {
                      "children": "Population:",
                      "className": "accent",
                    },
                    "ref": null,
                    "rendered": "Population:",
                    "type": "span",
                  },
                  " 200000",
                  " ",
                ],
                "type": "li",
              },
            ],
            "type": "ul",
          },
          "type": "div",
        },
        Object {
          "instance": null,
          "key": undefined,
          "nodeType": "host",
          "props": Object {
            "className": "card-footer",
          },
          "ref": null,
          "rendered": null,
          "type": "div",
        },
      ],
      "type": "div",
    },
  ],
  Symbol(enzyme.__options__): Object {
    "adapter": ReactSixteenAdapter {
      "options": Object {
        "enableComponentDidUpdateOnSetState": true,
      },
    },
  },
}
`;
